// Jest Snapshot v1, https://goo.gl/fbAQLP

exports[`SeoLinksComponent renders without throwing any errors 1`] = `
<div>
  <div
    class="container"
  >
    <header
      class="header"
    >
      <p
        class="title"
      >
        Popular searches
      </p>
      <svg
        class="icon icon--expanded"
        viewBox="4.5 8 16 8"
      >
        <path
          clip-rule="evenodd"
          d="M4.64645 8.14645C4.47288 8.32001 4.4536 8.58944 4.58859 8.78431L4.64645 8.85355L11.6464 15.8536C11.82 16.0271 12.0894 16.0464 12.2843 15.9114L12.3536 15.8536L19.3536 8.85355C19.5488 8.65829 19.5488 8.34171 19.3536 8.14645C19.18 7.97288 18.9106 7.9536 18.7157 8.08859L18.6464 8.14645L12 14.793L5.35355 8.14645C5.17999 7.97288 4.91056 7.9536 4.71569 8.08859L4.64645 8.14645Z"
          fill="currentColor"
          fill-rule="evenodd"
        />
      </svg>
    </header>
    <div
      class="panel"
    >
      <a
        class="link"
        href="/en/buy/apartments-for-sale.html"
      >
        Apartments for sale
      </a>
      <a
        class="link"
        href="/en/buy/dubai/properties-for-sale.html"
      >
        Properties for sale in Dubai
      </a>
      <a
        class="link"
        href="/en/buy/properties-for-sale.html"
      >
        Properties for sale
      </a>
    </div>
  </div>
  <div
    class="container"
  >
    <header
      class="header"
    >
      <p
        class="title"
      >
        Nearby Areas
      </p>
      <svg
        class="icon"
        viewBox="4.5 8 16 8"
      >
        <path
          clip-rule="evenodd"
          d="M4.64645 8.14645C4.47288 8.32001 4.4536 8.58944 4.58859 8.78431L4.64645 8.85355L11.6464 15.8536C11.82 16.0271 12.0894 16.0464 12.2843 15.9114L12.3536 15.8536L19.3536 8.85355C19.5488 8.65829 19.5488 8.34171 19.3536 8.14645C19.18 7.97288 18.9106 7.9536 18.7157 8.08859L18.6464 8.14645L12 14.793L5.35355 8.14645C5.17999 7.97288 4.91056 7.9536 4.71569 8.08859L4.64645 8.14645Z"
          fill="currentColor"
          fill-rule="evenodd"
        />
      </svg>
    </header>
  </div>
</div>
`;
