// Jest Snapshot v1, https://goo.gl/fbAQLP

exports[`PropertyCardMenuModalComponent renders without throwing any errors 1`] = `
<div
  class="container"
  data-testid="property-card-menu-modal"
>
  <button
    class="button tertiary regular closeButton"
  >
    Cancel
  </button>
</div>
`;
