// Jest Snapshot v1, https://goo.gl/fbAQLP

exports[`AuthForgotPasswordComponent renders without throwing any errors 1`] = `
<div>
  <div>
    <h1
      class="heading"
    >
      auth/forgot-password
      ?
    </h1>
    
    <form>
      <div
        class="input-area"
      >
        <div
          class="container"
        >
          <div
            class="content"
          >
            <input
              aria-invalid="false"
              aria-label="email"
              class="input"
              id="email"
              name="email"
              type="email"
              value=""
            />
            <div
              class="placeholder"
            >
              <label
                for="email"
              >
                email
              </label>
            </div>
          </div>
        </div>
      </div>
      <div
        class="input-area"
      >
        <button
          class="button primary regular button"
        >
          auth/reset-password
        </button>
      </div>
      <div
        id="recaptcha"
      />
    </form>
    <div
      class="link create-account"
    >
      auth/not-registered-yet
      ?Â 
      auth/create-account
    </div>
  </div>
</div>
`;
