// Jest Snapshot v1, https://goo.gl/fbAQLP

exports[`AuthRegistrationComponent renders without throwing any errors 1`] = `
<div>
  <div>
    <h1
      class="heading"
    >
      auth/create-account
    </h1>
    
    <form>
      <div
        class="input-area"
      >
        <div
          class="container"
        >
          <div
            class="content"
          >
            <input
              aria-invalid="false"
              aria-label="firstName"
              class="input"
              id="first-name"
              name="firstName"
              type="text"
              value=""
            />
            <div
              class="placeholder"
            >
              <label
                for="first-name"
              >
                auth/first-name
              </label>
            </div>
          </div>
        </div>
      </div>
      <div
        class="input-area"
      >
        <div
          class="container"
        >
          <div
            class="content"
          >
            <input
              aria-invalid="false"
              aria-label="lastName"
              class="input"
              id="last-name"
              name="lastName"
              type="text"
              value=""
            />
            <div
              class="placeholder"
            >
              <label
                for="last-name"
              >
                auth/last-name
              </label>
            </div>
          </div>
        </div>
      </div>
      <div
        class="input-area"
      >
        <div
          class="container"
        >
          <div
            class="content"
          >
            <input
              aria-invalid="false"
              aria-label="email"
              class="input"
              id="email"
              name="email"
              type="email"
              value=""
            />
            <div
              class="placeholder"
            >
              <label
                for="email"
              >
                email
              </label>
            </div>
          </div>
        </div>
      </div>
      <div
        class="input-area"
      >
        <div
          class="container"
        >
          <div
            class="content"
          >
            <input
              aria-invalid="false"
              aria-label="password"
              class="input"
              id="password"
              name="password"
              type="password"
              value=""
            />
            <div
              class="placeholder"
            >
              <label
                for="password"
              >
                password
              </label>
            </div>
          </div>
        </div>
      </div>
      <div
        class="input-area"
      >
        <div
          class="container"
        >
          <input
            aria-labelledby="optenIn"
            class="input"
            id="opten-in"
            name="optenIn"
            type="checkbox"
          />
          <label
            class="label"
            for="opten-in"
          >
            <div
              class="checkbox-text"
            >
              auth/free-guides
            </div>
          </label>
        </div>
      </div>
      <div
        class="input-area"
      >
        <button
          class="button primary regular button"
        >
          auth/create-account
        </button>
      </div>
      <div
        id="recaptcha"
      />
    </form>
    <div
      class="link create-account"
    >
      auth/already-registered
      ?Â 
      log-in
    </div>
    <div
      class="policy-check"
    >
      auth/accept-terms-and-conditions
      <a
        class="compliance-link"
        href="terms_conditions-target"
        rel="noreferrer"
        target="_blank"
      >
        terms_conditions
      </a>
      <a
        class="compliance-link"
        href="privacy_policy-target"
        rel="noreferrer"
        target="_blank"
      >
        auth/our-privacy-policy
      </a>
    </div>
  </div>
</div>
`;
