// Jest Snapshot v1, https://goo.gl/fbAQLP

exports[`EmailView renders without throwing any errors 1`] = `
<div>
  <header
    class="container"
  >
    <div
      class="wrapper"
    >
      <div
        class="section"
      >
        <div
          class="sectionLeft"
        >
          <a
            class="logoLink"
            href="/"
          >
            <svg
              viewBox="0 0 1078 438"
            >
              <title>
                Logo-En
              </title>
              <path
                d="M144.3.7C223.6.7 288 65.5 288 145.5c0 12.5-1.6 24.6-4.5 36.2-3.3 12.8-8.3 25-14.7 36.2-6.3 11-14 21.1-22.9 30-26 26.2-61.9 42.4-101.5 42.4v-1.9c-1.4-41.3-19.1-78.4-46.7-105-25.4-24.5-59.4-40.1-96.8-41.9 1-38.4 16.9-73 42-98.4C68.7 16.9 104.6.7 144.3.7zM.7 435.1c79.3 0 143.7-64.8 143.7-144.8H.7v144.8zm650.9.3h21V299l-22 4v45.5c-7.6-6.8-17.4-10.8-28-10.8-25.6 0-47.3 22.4-47.3 50.1 0 27.7 21.4 50.1 46.9 50.1 11.4 0 21.6-4.6 29.4-12.2v9.7zm128-18.4l-17.8-12.6c-5.2 8-14 12.4-23.6 12.4-13.8 0-24.6-9-27.6-21.2h71.7c.4-3.2.6-6 .6-9.4 0-27.6-19-48.5-46.5-48.5-29.2 0-49.1 22.4-49.1 50.1 0 27.7 21.6 50.1 50.7 50.1 17.3-.1 32.4-8.1 41.6-20.9zm75.1-56.3v-20.6c-3.4-.6-6-1-9.4-1-12.8 0-23 6.4-26.2 16.6v-16.6l-21.6 4v92.3h22v-74.7h35.2zm-337.7-2c13.6 0 21.6 8.4 21.6 25.6v51.1h22v-54.1c0-23.8-12.8-43.7-38.7-43.7-12 0-22.4 4.6-30.2 12.2V339l-21 4v92.3h22v-63.9c5.1-7.7 13.7-12.7 24.3-12.7zm109.4 58.1c-16 0-28.6-13-28.6-29s12.6-29 28.6-29c10.2 0 19.2 5.4 24.2 13.6v30.8c-5 8.2-14 13.6-24.2 13.6zm109.9-59.1c12.6 0 21.4 8 23.6 20h-49.5c2.9-11.6 12.1-20 25.9-20zm-305.6 77.7h22v-95.3h-22v95.3zM335.5 300v135.4h23v-54.1h49.1v-22.2h-49.1v-36.9h55.7V300h-78.7zm106-1.8c-8 0-14.8 6.6-14.8 14.8 0 8.2 6.8 15 14.8 15 8.2 0 15.2-6.8 15.2-15s-7-14.8-15.2-14.8zm228.1-58.4c25.6 0 47.3-22.4 47.3-50.1 0-27.6-21.4-50.1-46.9-50.1-11.2 0-21.4 4.6-29.2 12V141l-21 4v128.6h22v-44.5c7.6 6.7 17.2 10.7 27.8 10.7zm152.2-20.9L804 206.3c-5.2 8-14 12.4-23.6 12.4-13.6 0-24.2-8.8-27.6-20.8h71.7c.4-3.4.6-6.2.6-9.8 0-27.6-19-48.5-46.5-48.5-29.2 0-49.1 22.4-49.1 50.1 0 27.6 21.6 50.1 50.7 50.1 17.4 0 32.4-8 41.6-20.9zm-320.6-56.2V142c-3.4-.6-6-1-9.4-1-12.6 0-22.8 6.4-26 16.6V141l-21.6 4v92.3H466v-74.7h35.2v.1zm395.8 0V142c-3.4-.6-6-1-9.4-1-12.6 0-22.8 6.4-26 16.6V141l-21.8 4v92.3h22v-74.7H897v.1zm75.9 70.7l-8.6-19c-4.2 2-10 4.4-16.8 4.4-11.8 0-17.8-7.4-17.8-19v-37.1H966V142h-36.3v-27.6l-21.8 4v81.3c0 24.4 13.4 40.1 38.9 40.1 10.8 0 19.9-3.6 26.1-6.4zm-417.4-14.7c-15.2 0-27.4-12.6-27.4-29s12.2-29 27.4-29c15 0 27.4 12.6 27.4 29s-12.4 29-27.4 29zm110.3 0c-10 0-19-5.2-24-13.2v-31.6c5-8 14-13.2 24-13.2 16 0 28.6 13 28.6 29s-12.6 29-28.6 29zm112.8-58.9c12.8 0 21.4 8 23.6 19.8h-49.5c2.9-11.3 12.1-19.8 25.9-19.8zm243.1 113.8l56.1-131.6h-24.4l-26.8 64.9-27.4-64.9h-24.6l40.3 91.3-17 40.3h23.8zm-466.2-33.8c27.2 0 49.7-22 49.7-50.1 0-28-22.4-50.1-49.7-50.1-27.4 0-49.9 22-49.9 50.1 0 28 22.4 50.1 49.9 50.1zM384.6 124.2c12.6 0 21.8 8.8 21.8 20.2 0 11.6-9.4 21-22.2 21h-25.4v-41.3h25.8v.1zm.8-22.2h-49.9v135.4h23.2v-49.7h25.8c25.2 0 45.7-19 45.7-43.3.1-24-20-42.4-44.8-42.4z"
                fill="#EF5E4E"
                fill-rule="nonzero"
              />
            </svg>
          </a>
        </div>
        <div
          class="sectionRight"
        >
          <div
            class="userContainer"
          >
            <button
              class="button secondary small"
            >
              log-in
            </button>
          </div>
        </div>
      </div>
    </div>
  </header>
  <div
    class="container error__container"
  >
    <h1
      class="error__code"
    >
      404
    </h1>
    <p
      class="error__message"
    >
      Page not found
    </p>
    <div
      style="display: inline-block; max-width: 100%; overflow: hidden; position: relative; box-sizing: border-box; margin: 0px;"
    >
      <div
        style="box-sizing: border-box; display: block; max-width: 100%;"
      >
        <img
          alt=""
          aria-hidden="true"
          role="presentation"
          src="data:image/svg+xml;base64,PHN2ZyB3aWR0aD0iMTAwIiBoZWlnaHQ9IjEwMCIgeG1sbnM9Imh0dHA6Ly93d3cudzMub3JnLzIwMDAvc3ZnIiB2ZXJzaW9uPSIxLjEiLz4="
          style="max-width: 100%; display: block; margin: 0px; padding: 0px;"
        />
      </div>
      <noscript />
      <img
        alt="Picture of the page not found"
        aria-labelledby="image-page-not-found"
        decoding="async"
        src="data:image/gif;base64,R0lGODlhAQABAIAAAAAAAP///yH5BAEAAAAALAAAAAABAAEAAAIBRAA7"
        style="position: absolute; top: 0px; left: 0px; bottom: 0px; right: 0px; box-sizing: border-box; padding: 0px; margin: auto; display: block; width: 0px; height: 0px; min-width: 100%; max-width: 100%; min-height: 100%; max-height: 100%;"
      />
    </div>
  </div>
  <footer
    class="footer"
  >
    <div
      class="section categories"
    >
      <ul
        class="container"
      >
        <li
          class="item"
        >
          <a
            class="link primary"
            href="buy-target"
          >
            buy
          </a>
        </li>
        <li
          class="item"
        >
          <a
            class="link primary"
            href="rent-target"
          >
            rent
          </a>
        </li>
        <li
          class="item"
        >
          <a
            class="link primary"
            href="commercial_rent-target"
          >
            commercial_rent
          </a>
        </li>
      </ul>
      <ul
        class="container"
      >
        <li
          class="item"
        >
          <a
            class="link primary"
            href="new_projects-target"
          >
            new_projects
          </a>
        </li>
        <li
          class="item"
        >
          <a
            class="link primary"
            href="find_agent-target"
          >
            find_agent
          </a>
        </li>
      </ul>
    </div>
    <div
      class="section"
    >
      <ul
        class="container"
      >
        <li
          class="item"
        >
          <a
            class="link secondary"
            href="about_us-target"
          >
            about_us
          </a>
        </li>
        <li
          class="item"
        >
          <a
            class="link secondary"
            href="privacy_policy-target"
          >
            privacy_policy
          </a>
        </li>
        <li
          class="item"
        >
          <a
            class="link secondary"
            href="client_login-target"
          >
            client_login
          </a>
        </li>
      </ul>
      <ul
        class="container"
      >
        <li
          class="item"
        >
          <a
            class="link secondary"
            href="terms_conditions-target"
          >
            terms_conditions
          </a>
        </li>
        <li
          class="item"
        >
          <a
            class="link secondary"
            href="advertise-target"
          >
            advertise
          </a>
        </li>
        <li
          class="item"
        >
          <a
            class="link secondary"
            href="mortgage_finder-target"
          >
            mortgage_finder
          </a>
        </li>
        <li
          class="item"
        >
          <a
            class="link secondary"
            href="careers-target"
          >
            careers
          </a>
        </li>
      </ul>
    </div>
    <ul
      class="section apps"
    >
      <li
        class="item container"
      >
        <a
          class="downloadLink"
          href="ios-target"
        >
          <svg
            height="52"
            viewBox="0 0 165 52"
            width="165"
            xmlns="http://www.w3.org/2000/svg"
            xmlns:xlink="http://www.w3.org/1999/xlink"
          >
            <defs>
              <path
                d="M0 0h165v51.563H0z"
                id="a"
              />
              <path
                d="M0 51.563h165V0H0z"
                id="c"
              />
            </defs>
            <g
              fill="none"
              fill-rule="evenodd"
            >
              <path
                d="M159.844 51.563H5.156C2.32 51.563 0 49.241 0 46.407V5.157C0 2.32 2.32 0 5.156 0h154.688C162.68 0 165 2.32 165 5.157v41.25c0 2.834-2.32 5.156-5.156 5.156"
                fill="#000"
              />
              <path
                d="M34.839 25.647c0-3.927 3.325-5.827 3.453-5.954-1.919-2.66-4.733-3.04-5.756-3.167-2.43-.253-4.86 1.394-6.012 1.394-1.279 0-3.197-1.394-5.244-1.394-2.686 0-5.116 1.52-6.523 3.927-2.814 4.814-.768 11.907 1.918 15.832 1.407 1.9 2.942 4.055 4.989 3.928 2.046-.128 2.814-1.266 5.244-1.266 2.43 0 3.07 1.266 5.244 1.266 2.175 0 3.582-1.9 4.861-3.8 1.535-2.153 2.175-4.306 2.175-4.433-.128-.128-4.35-1.647-4.35-6.333M30.329 13.308c1-1.39 1.751-3.161 1.626-5.058-1.501.126-3.503 1.012-4.504 2.403-1.001 1.138-1.877 3.035-1.627 4.805 1.627.127 3.379-.885 4.505-2.15M59.22 33.312l-1.365-4.348c-.124-.384-.372-1.536-.869-3.07-.124.639-.372 1.791-.745 3.07l-1.365 4.348h4.344zm4.718 6.907h-2.731l-1.49-4.86h-5.214l-1.365 4.86h-2.607l5.214-16.5h3.227l4.965 16.5zM74.697 34.039c0-1.185-.252-2.241-.756-2.9-.505-.791-1.26-1.186-2.27-1.186-.63 0-1.26.265-1.764.659-.504.395-.882 1.054-1.008 1.713-.126.395-.126.66-.126.79v2.11c0 .924.252 1.583.756 2.242s1.26.921 2.017.921c1.008 0 1.764-.395 2.269-1.186.63-.791.882-1.845.882-3.163m2.647 0c0 2.11-.504 3.69-1.639 5.008-1.008 1.056-2.142 1.582-3.655 1.582s-2.647-.526-3.277-1.714v6.46h-2.647v-13.18c0-1.318 0-2.636-.126-4.088h2.269l.126 1.977c.882-1.45 2.142-2.24 3.907-2.24 1.387 0 2.52.527 3.403 1.715 1.135 1.053 1.639 2.502 1.639 4.48M89.133 34.039c0-1.185-.25-2.241-.756-2.9-.504-.791-1.26-1.186-2.268-1.186-.63 0-1.26.265-1.765.659-.505.395-.883 1.054-1.009 1.713-.126.395-.126.66-.126.79v2.11c0 .924.252 1.583.756 2.242.506.659 1.26.921 2.017.921 1.01 0 1.765-.395 2.27-1.186.63-.791.881-1.845.881-3.163m2.648 0c0 2.11-.505 3.69-1.638 5.008-1.01 1.056-2.143 1.582-3.657 1.582-1.512 0-2.647-.526-3.277-1.714v6.46h-2.647v-13.18c0-1.318 0-2.636-.124-4.088h2.267l.126 1.977c.882-1.45 2.143-2.24 3.909-2.24 1.385 0 2.52.527 3.403 1.715 1.133 1.053 1.638 2.502 1.638 4.48M107.25 35.469c0 1.375-.522 2.5-1.437 3.373-1.043 1.002-2.611 1.377-4.57 1.377-1.825 0-3.263-.375-4.305-1l.652-2.125c1.175.625 2.48 1 3.916 1 1.043 0 1.828-.252 2.349-.625.523-.502.784-1 .784-1.752 0-.624-.26-1.25-.652-1.624-.523-.5-1.306-.876-2.35-1.25-3.004-1-4.438-2.624-4.438-4.626 0-1.373.522-2.373 1.566-3.248 1.044-.877 2.35-1.25 4.177-1.25 1.565 0 2.742.25 3.786.75l-.653 2.123c-.915-.498-1.958-.748-3.263-.748-.915 0-1.697.25-2.22.625-.391.375-.653.875-.653 1.5s.262 1.123.784 1.625c.392.375 1.305.748 2.479 1.25a8.832 8.832 0 013.263 1.998c.393.626.785 1.502.785 2.627M115.5 29.863h-2.913v5.899c0 1.443.507 2.228 1.52 2.228.506 0 .886 0 1.14-.13l.126 2.097c-.506.262-1.14.262-2.026.262-1.013 0-1.9-.262-2.406-.918-.633-.655-.887-1.704-.887-3.277v-6.161h-1.773v-2.098h1.773v-2.228l2.533-.787v3.015h2.913v2.098zM126.164 34.095c0-1.148-.249-2.042-.749-2.807-.498-.893-1.37-1.404-2.368-1.404-.998 0-1.87.511-2.368 1.404-.5.765-.749 1.785-.749 2.807 0 1.147.25 2.041.75 2.805.497.894 1.37 1.405 2.367 1.405.998 0 1.745-.511 2.368-1.405.5-.764.749-1.784.749-2.805m2.742-.129c0 1.788-.497 3.318-1.496 4.465-1.12 1.15-2.493 1.788-4.237 1.788-1.747 0-3.117-.638-4.114-1.788-1-1.147-1.496-2.551-1.496-4.336 0-1.786.497-3.318 1.619-4.465.997-1.148 2.493-1.786 4.24-1.786 1.744 0 3.117.638 4.114 1.786.873 1.147 1.37 2.551 1.37 4.336M137.156 30.58c-.242 0-.485-.131-.849-.131-.85 0-1.577.39-2.063 1.042a4.749 4.749 0 00-.606 2.345v6.383h-2.548v-8.337c0-1.433 0-2.605-.121-3.778h2.184l.12 2.345h.122c.243-.782.728-1.433 1.213-1.954.607-.39 1.214-.651 1.82-.651h.607v2.735h.121zM147.17 32.82c0-.767-.124-1.405-.496-2.043-.498-.764-1.12-1.147-1.989-1.147-.87 0-1.491.383-1.988 1.02-.372.51-.621 1.276-.746 2.04h5.22v.13zm2.361.637c0 .51 0 .892-.124 1.147h-7.703c0 1.15.372 2.043 1.117 2.68a3.945 3.945 0 002.485.892c1.119 0 2.237-.126 3.107-.509l.373 1.785c-1.119.512-2.361.767-3.852.767-1.74 0-3.23-.512-4.225-1.659-.994-1.022-1.49-2.551-1.49-4.337 0-1.788.496-3.317 1.365-4.466.994-1.275 2.363-1.913 4.101-1.913 1.615 0 2.982.638 3.728 1.913.87 1.02 1.118 2.296 1.118 3.7zM56.441 13.148c0-.902-.238-1.675-.714-2.191-.476-.516-1.19-.773-2.023-.773-.357 0-.714 0-.952.129v6.058h.833c.952 0 1.666-.258 2.142-.773.476-.516.714-1.418.714-2.45m1.309 0c0 1.418-.357 2.579-1.19 3.352-.714.645-1.785 1.031-3.213 1.031-.714 0-1.309 0-1.785-.129V9.41c.595-.129 1.31-.129 2.142-.129 1.31 0 2.261.258 2.975.903.595.644 1.071 1.675 1.071 2.964M64.625 14.438c0-.516-.138-1.032-.412-1.418-.275-.516-.688-.645-1.238-.645s-.962.258-1.238.645c-.275.386-.412.902-.412 1.418 0 .515.137 1.03.412 1.417.276.516.688.645 1.238.645s.962-.258 1.238-.773c.275-.258.412-.774.412-1.29m1.375 0c0 .903-.275 1.676-.825 2.192-.55.644-1.375.902-2.337.902-.963 0-1.65-.258-2.2-.902-.55-.516-.825-1.29-.825-2.192 0-.902.274-1.675.825-2.19.55-.645 1.375-.903 2.337-.903.962 0 1.65.258 2.2.902.55.516.825 1.29.825 2.191M75.281 11.344l-1.724 6.187H72.45l-.739-2.69c-.246-.673-.369-1.345-.492-2.018-.123.673-.246 1.345-.493 2.018l-.739 2.69h-1.108l-1.847-6.187h1.232l.615 2.959.37 2.018c.123-.538.246-1.21.492-2.018l.739-2.96h.985l.739 2.825c.246.673.37 1.346.492 2.018l.37-2.018.739-2.824h1.477zM82.5 17.531h-1.322V14.18c0-1.032-.397-1.547-1.19-1.547-.397 0-.661.129-.925.387-.265.257-.397.644-.397 1.03v3.481h-1.322V11.602h1.19v.902c.132-.258.396-.516.66-.774.397-.257.794-.386 1.19-.386.53 0 1.058.129 1.455.515.529.387.661 1.032.661 1.934v3.738z"
                fill="#FFF"
              />
              <path
                d="M84.563 17.531h1.03v-8.25h-1.03zM92.469 14.438c0-.516-.14-1.032-.413-1.418-.275-.516-.687-.645-1.237-.645a1.47 1.47 0 00-1.24.645c-.273.386-.41.902-.41 1.418 0 .515.137 1.03.41 1.417.277.516.688.645 1.24.645.55 0 .962-.258 1.237-.773.274-.258.413-.774.413-1.29m1.375 0c0 .903-.275 1.676-.827 2.192-.548.644-1.375.902-2.336.902-.962 0-1.65-.258-2.2-.902-.55-.516-.825-1.29-.825-2.192 0-.902.275-1.675.825-2.19a3.431 3.431 0 012.338-.903c.962 0 1.65.258 2.198.902.552.516.827 1.29.827 2.191M98.537 15.34v-.902c-1.492 0-2.305.386-2.305 1.16 0 .257.134.515.27.644.137.13.408.258.678.258.272 0 .543-.129.816-.258.271-.129.406-.387.541-.644v-.258zm1.357 2.062h-1.22l-.137-.644c-.407.515-1.085.773-1.764.773-.541 0-1.085-.129-1.357-.515-.271-.387-.541-.774-.541-1.16 0-.774.27-1.29.948-1.676.679-.387 1.494-.516 2.714-.516v-.129c0-.773-.407-1.16-1.22-1.16-.678 0-1.085.129-1.63.387l-.27-.903c.544-.386 1.222-.515 2.172-.515 1.627 0 2.442.773 2.442 2.449v2.191c-.137.645-.137 1.032-.137 1.418zM106.051 15.069v-1.355c-.12-.246-.24-.492-.48-.739-.24-.246-.48-.246-.84-.246-.478 0-.839.246-1.078.616-.24.37-.36.862-.36 1.477 0 .616.12.985.36 1.355.239.37.6.615 1.078.615.36 0 .72-.123.96-.492.24-.493.36-.862.36-1.231zm1.199 2.34h-1.079v-.863c-.36.739-.959.985-1.798.985-.72 0-1.2-.246-1.68-.739-.478-.492-.6-1.23-.6-2.093 0-.862.24-1.6.721-2.216.479-.493 1.078-.74 1.677-.74.721 0 1.2.247 1.56.74V9.28h1.199v8.127zM118.112 14.438c0-.516-.137-1.032-.412-1.418-.275-.516-.688-.645-1.237-.645-.55 0-.963.258-1.238.645-.275.386-.412.902-.412 1.418 0 .515.137 1.03.412 1.417.275.516.688.645 1.238.645s.962-.258 1.237-.773c.275-.258.412-.774.412-1.29m1.513 0c0 .903-.275 1.676-.825 2.192-.55.644-1.375.902-2.337.902-.963 0-1.65-.258-2.2-.902-.55-.516-.826-1.29-.826-2.192 0-.902.276-1.675.826-2.19.55-.645 1.374-.903 2.337-.903.963 0 1.65.258 2.2.902.55.516.825 1.29.825 2.191M125.813 17.531h-1.323V14.18c0-1.032-.397-1.547-1.189-1.547-.397 0-.661.129-.927.387-.264.257-.395.644-.395 1.03v3.481h-1.323V11.602h1.19v.902c.133-.258.397-.516.66-.774.398-.257.795-.386 1.19-.386.53 0 1.059.129 1.455.515.53.387.662 1.032.662 1.934v3.738zM133.952 12.677h-1.216v2.738c0 .747.222.996.664.996h.552v.996c-.221.124-.552.124-.885.124-.44 0-.772-.124-.993-.498-.221-.249-.332-.87-.332-1.493v-2.863h-.773v-.995h.773v-.996l1.105-.373v1.369h1.215v.995h-.11zM141.281 17.531h-1.322V14.33c0-.985-.397-1.478-1.19-1.478-.66 0-1.058.246-1.322.862V17.531h-1.322v-8.25h1.322v3.448c.396-.616 1.057-.985 1.85-.985.53 0 1.059.123 1.323.492.397.37.661 1.109.661 1.847v3.448zM147.341 13.713c0-.395-.13-.79-.258-1.053-.257-.395-.517-.526-1.03-.526-.389 0-.776.131-1.033.526-.257.264-.387.658-.387 1.053h2.708zm1.159.395v.659h-3.867c0 .658.259 1.053.517 1.316.386.263.772.395 1.289.395.644 0 1.159-.132 1.547-.263l.256.921c-.514.264-1.159.395-1.933.395-.901 0-1.676-.263-2.19-.79-.516-.526-.775-1.316-.775-2.238 0-.921.259-1.711.774-2.238.515-.658 1.16-.921 2.063-.921.902 0 1.547.263 1.934.921.257.395.385 1.053.385 1.843z"
                fill="#FFF"
              />
            </g>
          </svg>
        </a>
      </li>
      <li
        class="item container"
      >
        <a
          class="downloadLink"
          href="android-target"
        >
          <svg
            height="52"
            viewBox="0 0 165 52"
            width="165"
            xmlns="http://www.w3.org/2000/svg"
            xmlns:xlink="http://www.w3.org/1999/xlink"
          >
            <defs>
              <path
                d="M0 0h165v51.563H0z"
                id="a"
              />
              <path
                d="M1.031 1.418v27.328c0 .774.645 1.418 1.29 1.418.643 0 1.03-.258 1.288-.387l24.88-13.664c.515-.258.773-.644.773-1.03 0-.388-.258-.774-.774-1.032L3.61.387C3.223.129 2.964 0 2.32 0c-.644 0-1.289.645-1.289 1.418"
                id="c"
              />
              <path
                d="M.773 0l15.082 15.083 4.77-4.642L2.32.387C1.934.129 1.674 0 1.031 0H.773z"
                id="f"
              />
              <path
                d="M.387 5.93l4.64 4.64 6.703-3.738c.516-.258.774-.644.774-1.031 0-.387-.258-.774-.774-1.031L5.156 1.16.386 5.93z"
                id="i"
              />
              <path
                d="M.902 15.727c.13 0 .13 0 0 0 .772 0 1.032-.13 1.418-.387l18.176-9.926-4.64-4.64L.901 15.726z"
                id="l"
              />
              <path
                d="M0 51.563h165V0H0z"
                id="o"
              />
              <lineargradient
                id="d"
                x1="29.488%"
                x2="55.051%"
                y1="-6.086%"
                y2="92.166%"
              >
                <stop
                  offset="0%"
                  stop-color="#006783"
                />
                <stop
                  offset="100%"
                  stop-color="#89D1CF"
                />
              </lineargradient>
              <lineargradient
                id="g"
                x1="-7.621%"
                x2="91.444%"
                y1="15.985%"
                y2="86.47%"
              >
                <stop
                  offset="0%"
                  stop-color="#23BAB6"
                />
                <stop
                  offset="100%"
                  stop-color="#DBE691"
                />
              </lineargradient>
              <lineargradient
                id="j"
                x1="50%"
                x2="50%"
                y1="105.755%"
                y2="-3.127%"
              >
                <stop
                  offset="0%"
                  stop-color="#FBBF72"
                />
                <stop
                  offset="100%"
                  stop-color="#F4895B"
                />
              </lineargradient>
              <lineargradient
                id="m"
                x1="10.955%"
                x2="90.242%"
                y1="117.586%"
                y2="11.852%"
              >
                <stop
                  offset="0%"
                  stop-color="#702A8E"
                />
                <stop
                  offset="100%"
                  stop-color="#E91C26"
                />
              </lineargradient>
            </defs>
            <g
              fill="none"
              fill-rule="evenodd"
            >
              <g>
                <path
                  d="M159.844 51.563H5.156C2.32 51.563 0 49.241 0 46.407V5.157C0 2.32 2.32 0 5.156 0h154.688C162.68 0 165 2.32 165 5.157v41.25c0 2.834-2.32 5.156-5.156 5.156"
                  fill="#000"
                />
              </g>
              <g
                transform="translate(11.602 10.313)"
              >
                <path
                  d="M1.031 1.418v27.328c0 .774.645 1.418 1.29 1.418.643 0 1.03-.258 1.288-.387l24.88-13.664c.515-.258.773-.644.773-1.03 0-.388-.258-.774-.774-1.032L3.61.387C3.223.129 2.964 0 2.32 0c-.644 0-1.289.645-1.289 1.418"
                  fill="url(#d)"
                />
              </g>
              <g
                transform="translate(12.89 10.313)"
              >
                <path
                  d="M.773 0l15.082 15.083 4.77-4.642L2.32.387C1.934.129 1.674 0 1.031 0H.773z"
                  fill="url(#g)"
                />
              </g>
              <g
                transform="translate(28.36 19.336)"
              >
                <path
                  d="M.387 5.93l4.64 4.64 6.703-3.738c.516-.258.774-.644.774-1.031 0-.387-.258-.774-.774-1.031L5.156 1.16.386 5.93z"
                  fill="url(#j)"
                />
              </g>
              <g
                transform="translate(12.89 24.492)"
              >
                <path
                  d="M.902 15.727c.13 0 .13 0 0 0 .772 0 1.032-.13 1.418-.387l18.176-9.926-4.64-4.64L.901 15.726z"
                  fill="url(#m)"
                />
              </g>
              <g>
                <path
                  d="M127.101 30.035c0-1.289-1.031-2.191-2.448-2.191h-2.578v4.512h2.706a2.31 2.31 0 002.32-2.32zm-19.723 4.382l4.77-2.061c-.516-.903-1.29-1.162-1.934-1.162-1.933.13-3.093 2.193-2.836 3.223zm-9.41 1.161c0-.129 0-.257.13-.386V34.032c0-.13-.13-.387-.13-.516-.385-1.29-1.547-2.192-2.706-2.192-1.546 0-2.835 1.547-2.835 3.223 0 1.804 1.289 3.223 2.963 3.223 1.031.129 2.063-.775 2.578-2.192zm-11.472-.902c0-1.548-1.032-3.223-2.965-3.223-1.934 0-2.965 1.675-2.965 3.223 0 1.547 1.031 3.223 2.965 3.223 1.933 0 2.965-1.676 2.965-3.223zm-11.602 0c0-1.548-1.031-3.223-2.965-3.223-1.933 0-2.965 1.675-2.965 3.223 0 1.547 1.032 3.223 2.965 3.223 1.806 0 2.965-1.676 2.965-3.223zm66 1.03c-.514-.385-1.289-.514-2.061-.514-1.548 0-2.45.773-2.45 1.675 0 .903.902 1.417 1.805 1.417 1.29 0 2.706-1.03 2.706-2.578zm-39.316 3.997V23.72h2.32v15.984h-2.32zm29.134.258V25.653h2.19V39.96h-2.19zm-10.83 0V25.653h4.64c2.71 0 4.9 1.933 4.9 4.252 0 2.322-1.933 4.255-4.383 4.255h-2.836v5.672h-2.32v.13zm-13.406-1.547c-1.934-2.063-1.934-5.543 0-7.734 1.934-2.064 5.156-2.064 6.961 0 .645.644 1.031 1.547 1.418 2.448l-7.09 2.966a2.753 2.753 0 002.578 1.676c1.16 0 1.934-.387 2.709-1.547l1.933 1.289c-.259.258-.517.516-.644.772-2.193 2.193-5.931 2.193-7.865.13zm-54.527-.902c-3.223-3.223-3.094-8.508.129-11.86 1.677-1.675 3.738-2.449 5.93-2.449 2.062 0 4.126.774 5.671 2.32L62.134 27.2c-2.322-2.32-6.06-2.19-8.252.128-2.32 2.45-2.32 6.189 0 8.638 2.32 2.45 6.188 2.578 8.508.129.774-.773 1.033-1.805 1.16-2.836h-5.414v-2.32h7.606c.129.515.129 1.16.129 1.804 0 1.934-.774 3.868-2.063 5.157-1.418 1.418-3.48 2.191-5.542 2.191-2.321-.129-4.642-.902-6.317-2.578zm26.168-2.836c0-2.578 1.933-5.415 5.414-5.415 3.353 0 5.414 2.837 5.414 5.415S87.01 40.09 83.53 40.09c-3.35 0-5.414-2.836-5.414-5.414zm-11.602 0c0-2.578 1.934-5.415 5.414-5.415 3.352 0 5.414 2.837 5.414 5.415S75.41 40.09 71.93 40.09c-3.48 0-5.414-2.836-5.414-5.414zm68.708 4.64c-.644-.644-.902-1.546-.902-2.449 0-.773.258-1.546.772-2.062.903-.902 2.192-1.29 3.61-1.29.902 0 1.677.13 2.321.517 0-1.549-1.289-2.193-2.321-2.193-.901 0-1.804.517-2.19 1.42l-1.934-.776c.387-.9 1.417-2.578 3.995-2.578 1.289 0 2.578.388 3.351 1.29.775.903 1.033 1.933 1.033 3.352v5.414h-2.192v-.902c-.259.387-.774.644-1.161.902-.514.257-1.159.387-1.803.387-.775-.13-1.934-.387-2.579-1.031zm10.44 4.9l2.193-5.157-3.867-8.895h2.191l2.706 6.317 2.707-6.317h2.192l-5.929 14.051h-2.192zm-54.011-.517c-.645-.515-1.159-1.417-1.418-1.933l2.062-.904c.13.26.388.645.645 1.033.516.515 1.289 1.031 2.064 1.031.772 0 1.674-.387 2.191-1.031.387-.645.645-1.29.645-2.192v-.774c-1.547 1.933-4.77 1.677-6.576-.386-1.933-2.062-1.933-5.543 0-7.605 1.934-1.934 4.77-2.192 6.445-.388v-.901h2.192v9.668c0 2.449-.903 3.867-2.061 4.768-.775.644-1.934.904-2.967.904-1.158-.13-2.32-.516-3.222-1.29z"
                  fill="#FFF"
                />
                <path
                  d="M147.34 41.637h-.13v-.13h.13-.13v.13zM147.34 41.637c0-.13 0-.13 0 0 0-.13 0-.13 0 0zM147.34 41.637v-.13zM147.34 41.507v.13zM147.34 41.637v-.13zM147.34 41.637c0-.13 0-.13 0 0m0 0c0-.13 0-.13 0 0M147.47 41.637c0-.13 0-.13 0 0zm0 0c0-.13 0-.13 0 0 0-.13 0-.13 0 0 0-.13 0-.13 0 0zM147.47 41.507v.13zM147.47 41.637v-.13zM147.47 41.507c0 .13 0 .13 0 0 0 .13 0 .13 0 0m0 .13c0-.13 0-.13 0 0 0-.13 0-.13 0 0M147.47 41.637c0-.13 0-.13 0 0 0-.13 0-.13 0 0 0-.13 0-.13 0 0 0-.13 0-.13 0 0M147.598 41.507c0 .13 0 .13 0 0 0 .13-.13.13 0 0-.13 0 0 0 0 0m0 .13c0-.13 0-.13 0 0-.13-.13-.13-.13 0 0-.13 0-.13 0 0 0M147.598 41.637v-.13.13-.13.13-.13zM147.598 41.637c0-.13 0-.13 0 0 0-.13 0-.13 0 0 0-.13 0-.13 0 0 0-.13 0-.13 0 0 0-.13 0-.13 0 0 0-.13 0-.13 0 0 0-.13 0-.13 0 0 0-.13 0-.13 0 0"
                  fill="#FFF"
                />
                <path
                  d="M147.726 41.507h-.129.129v.13zM147.726 41.637v-.13zM147.726 41.637c0-.13 0-.13 0 0 0-.13 0-.13 0 0zM50.144 13.02c0-2.32 1.676-3.739 3.739-3.739 1.418 0 2.32.645 2.965 1.547l-1.032.645c-.386-.516-1.031-.903-1.933-.903-1.418 0-2.45 1.032-2.45 2.578 0 1.547 1.032 2.579 2.45 2.579.773 0 1.418-.387 1.675-.645v-1.16h-2.062v-1.16h3.48v2.707c-.644.773-1.675 1.289-2.964 1.289-2.192 0-3.868-1.547-3.868-3.738M58.523 16.629v-7.22h4.899v1.161h-3.739v1.805h3.61v1.16h-3.61v2.062h3.739v1.16zM67.031 16.629V10.57H64.84V9.41h5.672v1.16H68.32v6.059z"
                  fill="#FFF"
                />
                <path
                  d="M74.895 16.629h1.289V9.41h-1.29zM79.664 16.629V10.57h-2.192V9.41h5.672v1.16h-2.191v6.059zM93.329 13.02c0-1.547-.903-2.579-2.45-2.579-1.418 0-2.45 1.16-2.45 2.579 0 1.546.902 2.578 2.45 2.578 1.547 0 2.45-1.16 2.45-2.578m-6.059 0c0-2.192 1.547-3.739 3.737-3.739 2.191 0 3.74 1.547 3.74 3.739 0 2.19-1.549 3.738-3.74 3.738-2.19 0-3.737-1.676-3.737-3.738M101.191 16.629l-3.738-5.157v5.157h-1.289v-7.22h1.29l3.737 5.028V9.41h1.29v7.219z"
                  fill="#FFF"
                />
              </g>
            </g>
          </svg>
        </a>
      </li>
    </ul>
  </footer>
</div>
`;
