// Jest Snapshot v1, https://goo.gl/fbAQLP

exports[`PropertyCardMenuContentButtonTemplate should renders without throwing any errors 1`] = `
<div>
  <button
    class="button tertiary regular button"
  >
    <div
      class="content"
    >
      Label
       
    </div>
  </button>
</div>
`;
