// Jest Snapshot v1, https://goo.gl/fbAQLP

exports[`PropertyShareComponent renders without throwing any errors 1`] = `
<div
  class="container"
  data-testid="property-share"
>
  <div
    class="title title--right"
  >
    <button
      class="button secondaryBlue small close"
    >
      close
    </button>
  </div>
  <h1
    class="header"
  >
    social-share/title
  </h1>
  <div
    class="content"
  >
    <a
      class="link"
      href="https://www.facebook.com/sharer/sharer.php?u=url?utm_source=facebook&utm_medium=social&utm_campaign=share_property"
      rel="noreferrer"
      target="_blank"
    >
      <svg
        class="icon facebook"
        viewBox="0 0 42 42"
      >
        <title>
          Facebook
        </title>
        <g
          stroke="none"
          stroke-width="1"
        >
          <g
            transform="translate(-1.000000, -1.000000)"
          >
            <path
              d="M22.0000372,1 C33.5979907,1 43.0000372,10.4020464 43.0000372,22 C43.0000372,33.5983279 33.5979907,43 22.0000372,43 C10.4020836,43 1.00003717,33.5983279 1.00003717,22 C1.00003717,10.4020464 10.4020836,1 22.0000372,1 Z M27.0324839,22.1206851 L27.4622504,18.2010021 L23.7860445,18.2010021 L23.7860445,15.8919934 C23.7860445,15.0259248 24.3958263,14.8225738 24.8294849,14.8225738 L27.472954,14.8225738 L27.472954,11.0143076 L23.8295076,11 C19.7854865,11 18.8665972,13.8429574 18.8665972,15.6582005 L18.8665972,18.197349 L16.527046,18.197349 L16.527046,22.1206851 L18.8665972,22.1206851 L18.8665972,33.2842931 L23.7857201,33.2842931 L23.7857201,22.1206851 L27.0324839,22.1206851 Z"
            />
          </g>
        </g>
      </svg>
    </a>
    <a
      class="link"
      data-action="share/whatsapp/share"
      href="whatsapp://send?text=url?utm_source=whatsapp&utm_medium=social&utm_campaign=share_property"
      rel="noreferrer"
      target="_blank"
    >
      <svg
        class="icon whatsapp"
        viewBox="0 0 42 42"
      >
        <title>
          Whatsapp
        </title>
        <g
          stroke="none"
          stroke-width="1"
        >
          <g
            id="DESKTOP---Social-Share-(Hover-State)-Copy-5"
            transform="translate(-1.000000, -1.000000)"
          >
            <path
              d="M22.0000372,1 C33.5979907,1 43.0000372,10.4020464 43.0000372,22 C43.0000372,33.5983279 33.5979907,43 22.0000372,43 C10.4020836,43 1.00003717,33.5983279 1.00003717,22 C1.00003717,10.4020464 10.4020836,1 22.0000372,1 Z M10,34 L16.305,32.346 C18.042,33.294 20.003,33.793 21.993,33.794 C28.548,33.794 33.883,28.459 33.886,21.902 C33.887,18.724 32.651,15.736 30.406,13.488 C28.16,11.24 25.174,10.001 21.993,10 C15.438,10 10.103,15.335 10.1,21.891 C10.099,23.988 10.646,26.033 11.687,27.837 L10,34 Z M16.597,30.193 L12.855,31.174 L13.854,27.526 C12.759,25.783 12.107,24.117 12.108,21.892 C12.11,16.442 16.545,12.008 21.997,12.008 C27.463,12.01 31.88,16.438 31.878,21.9 C31.875,27.351 27.437,31.785 21.989,31.785 C19.873,31.784 18.273,31.188 16.597,30.193 Z M27.984,24.729 C27.91,24.605 27.712,24.531 27.414,24.382 C27.117,24.233 25.656,23.514 25.383,23.416 C25.111,23.316 24.913,23.266 24.714,23.564 C24.516,23.861 23.946,24.531 23.773,24.729 C23.6,24.927 23.426,24.952 23.129,24.803 C22.832,24.654 21.874,24.341 20.739,23.328 C19.856,22.54 19.259,21.567 19.086,21.269 C18.913,20.972 19.068,20.811 19.216,20.663 C19.35,20.53 19.513,20.316 19.662,20.142 C19.813,19.97 19.862,19.846 19.962,19.647 C20.061,19.449 20.012,19.275 19.937,19.126 C19.862,18.978 19.268,17.515 19.021,16.92 C18.779,16.341 18.534,16.419 18.352,16.41 L17.782,16.4 C17.584,16.4 17.262,16.474 16.99,16.772 C16.718,17.07 15.95,17.788 15.95,19.251 C15.95,20.714 17.015,22.127 17.163,22.325 C17.312,22.523 19.258,25.525 22.239,26.812 C22.948,27.118 23.502,27.301 23.933,27.438 C24.645,27.665 25.293,27.632 25.805,27.556 C26.376,27.471 27.563,26.837 27.811,26.143 C28.059,25.448 28.059,24.853 27.984,24.729 Z"
            />
          </g>
        </g>
      </svg>
    </a>
    <div
      class="link"
    >
      <svg
        class="icon email"
        viewBox="0 0 42 42"
      >
        <title>
          Email
        </title>
        <g
          stroke="none"
          stroke-width="1"
        >
          <g
            transform="translate(-1.000000, -1.000000)"
          >
            <path
              d="M22,1 C33.5979536,1 43,10.4020464 43,22 C43,33.5983279 33.5979536,43 22,43 C10.4020464,43 1,33.5983279 1,22 C1,10.4020464 10.4020464,1 22,1 Z M10.5,15 L10.5,15.7796176 L10.5,16.9007982 L10.5,28.2159272 L10.5,28.6215333 L10.5,30.1167255 L33.5,30.1167255 L33.5,28.6215333 L33.5,28.2159272 L33.5,16.902506 L33.5,15.7796176 L33.5,15 L10.5,15 Z M13.7499722,16.902506 L30.3627436,16.902506 L22.0542231,22.7884908 L13.7499722,16.902506 Z M12.4161686,18.3029144 L17.8931316,22.1856321 L12.4161686,27.0443661 L12.4161686,18.3029144 Z M26.1768888,22.2146649 L31.5838314,18.3840356 L31.5838314,26.943605 L26.1768888,22.2146649 Z M19.4993317,23.3238908 L22.0439762,25.1290514 L22.0499536,25.1384444 L22.0542231,25.1341749 L22.0576388,25.1384444 L22.0627622,25.1290514 L24.5689809,23.3546315 L30.1279191,28.2167811 L13.9830889,28.2167811 L19.4993317,23.3238908 Z"
            />
          </g>
        </g>
      </svg>
    </div>
    <a
      class="link"
      href="https://twitter.com/intent/tweet?url=url?utm_source=twitter&utm_medium=social&utm_campaign=share_property"
      rel="noreferrer"
      target="_blank"
    >
      <svg
        class="icon twitter"
        viewBox="0 0 42 42"
      >
        <title>
          Twitter
        </title>
        <g
          stroke="none"
          stroke-width="1"
        >
          <g
            transform="translate(-1.000000, -1.000000)"
          >
            <path
              d="M22.0000372,1 C33.5979907,1 43.0000372,10.4020464 43.0000372,22 C43.0000372,33.5983279 33.5979907,43 22.0000372,43 C10.4020836,43 1.00003717,33.5983279 1.00003717,22 C1.00003717,10.4020464 10.4020836,1 22.0000372,1 Z M34.146177,14.4662035 C33.2526549,14.8624159 32.2914867,15.1303982 31.2834867,15.2500796 C32.3126726,14.6334602 33.1024956,13.6577965 33.475292,12.4933186 C32.5122655,13.0645929 31.4451681,13.4790177 30.3104248,13.7023982 C29.401292,12.7341681 28.1059823,12.1290708 26.6716637,12.1290708 C23.9197345,12.1290708 21.6877876,14.3610177 21.6877876,17.1129469 C21.6877876,17.5035841 21.7320177,17.8838142 21.8175044,18.2488053 C17.6754867,18.0410354 14.0029027,16.057 11.5446018,13.0408053 C11.1156814,13.7767345 10.8696283,14.6334602 10.8696283,15.5466814 C10.8696283,17.2753717 11.7501416,18.8014956 13.086708,19.6950177 C12.2701239,19.6693717 11.501115,19.4452478 10.8294867,19.0709646 C10.829115,19.0921504 10.829115,19.1133363 10.829115,19.1341504 C10.829115,21.5493363 12.5477699,23.5634779 14.827292,24.020646 C14.4095221,24.1354956 13.9683363,24.195708 13.5145133,24.195708 C13.1926372,24.195708 12.8807965,24.1648584 12.5767611,24.1068761 C13.2108496,26.086823 15.0510442,27.5278319 17.2324425,27.5679735 C15.5264248,28.9052832 13.3777345,29.7014248 11.0420885,29.7014248 C10.6406726,29.7014248 10.2429735,29.6780088 9.85382301,29.6315487 C12.0582655,31.0461681 14.6786195,31.8709292 17.4929912,31.8709292 C26.6601416,31.8709292 31.6733805,24.2771062 31.6733805,17.6901681 C31.6733805,17.4742212 31.6685487,17.2590177 31.658885,17.0456726 C32.6334336,16.3431947 33.4782655,15.4656549 34.146177,14.4662035 Z"
            />
          </g>
        </g>
      </svg>
    </a>
  </div>
</div>
`;
