// Jest Snapshot v1, https://goo.gl/fbAQLP

exports[`PropertyCardMenuContentTemplate should render without throwing any errors 1`] = `
<div>
  <button
    class="button tertiary regular button"
  >
    <svg
      class="icon icon--left"
      height="24"
      viewBox="0 0 24 24"
      width="24"
    >
      <title>
        Share
      </title>
      <path
        clip-rule="evenodd"
        d="M10.0135 4.5C10.0135 4.22386 9.78968 4 9.51354 4H8.25L8.04346 4.00521C5.78547 4.11932 4 6.09457 4 8.5V15.5L4.00488 15.7175C4.11189 18.0955 5.96457 20 8.25 20H15.75L15.9565 19.9948C18.2145 19.8807 20 17.9054 20 15.5V14.6072L19.9919 14.5173C19.9496 14.2841 19.7455 14.1072 19.5 14.1072C19.2239 14.1072 19 14.3311 19 14.6072V15.5L18.9952 15.6927C18.9021 17.5422 17.4779 19 15.75 19H8.25L8.07238 18.9948C6.36667 18.8956 5 17.3753 5 15.5V8.5L5.00483 8.30731C5.09786 6.45778 6.52213 5 8.25 5H9.51354L9.60341 4.99194C9.83666 4.94961 10.0135 4.74546 10.0135 4.5ZM16.4945 4.54821C16.664 4.37067 16.9329 4.34515 17.1308 4.47559L17.2014 4.53183L19.7383 6.95378C19.8942 7.03844 20 7.2036 20 7.39348L19.9999 7.40558C20.0024 7.51329 19.9704 7.62165 19.9039 7.71247L19.8418 7.78256L17.1979 10.2584C16.9964 10.4472 16.6799 10.4368 16.4912 10.2352C16.3234 10.0561 16.313 9.78617 16.4543 9.59583L16.5144 9.52852L18.2589 7.89348H15.5076C12.9522 7.89348 10.755 9.68821 10.6412 12.7917L10.6365 13.0462V14.855C10.6365 15.1311 10.4127 15.355 10.1365 15.355C9.89108 15.355 9.68693 15.1781 9.6446 14.9449L9.63654 14.855V13.0462C9.63654 9.28028 12.2425 6.99879 15.2941 6.89703L15.5076 6.89348H18.2273L16.5109 5.25512C16.3333 5.08562 16.3078 4.81672 16.4383 4.61878L16.4945 4.54821Z"
        fill="currentColor"
        fill-rule="evenodd"
      />
    </svg>
    <div
      class="content"
    >
      cta-share
       
    </div>
  </button>
  <button
    class="button tertiary regular button"
  >
    <svg
      class="icon icon--left"
      height="24"
      viewBox="0 0 24 24"
      width="24"
    >
      <title>
        Report
      </title>
      <path
        clip-rule="evenodd"
        d="M7.98311 20C7.98311 20.5523 6.86761 21 5.49156 21C4.11551 21 3 20.5523 3 20C3 19.5162 3.85598 19.1127 4.99325 19.02V5H11.0228C11.2537 3.85888 12.2591 3 13.4645 3H17.9493L21 7.5L17.9493 12H11.9198C11.6889 13.1411 10.6834 14 9.47805 14H5.98987V19.02C7.12714 19.1127 7.98311 19.5162 7.98311 20ZM17.4219 11L19.7947 7.5L17.4219 4H13.4645C12.6389 4 11.9696 4.67157 11.9696 5.5V11H17.4219ZM10.973 6H5.98987V13H9.47805C10.3037 13 10.973 12.3284 10.973 11.5V6Z"
        fill="currentColor"
        fill-rule="evenodd"
      />
    </svg>
    <div
      class="content"
    >
      cta-report
       
    </div>
  </button>
</div>
`;
