// Jest Snapshot v1, https://goo.gl/fbAQLP

exports[`AuthModalComponent renders without throwing any errors 1`] = `
<div>
  <div
    class="content"
  >
    <div
      class="header"
    >
      <button>
        <svg
          class="closeIcon"
          viewBox="7 7 10 10"
        >
          <title>
            Cross
          </title>
          <path
            clip-rule="evenodd"
            d="M8.34408 7.17475C8.01717 6.92057 7.54448 6.94367 7.24408 7.24408C6.91864 7.56951 6.91864 8.09715 7.24408 8.42259L10.8215 12L7.24408 15.5774C6.91864 15.9028 6.91864 16.4305 7.24408 16.7559C7.54448 17.0563 8.01717 17.0794 8.34408 16.8252L8.42259 16.7559L12 13.1785L15.5774 16.7559L15.6559 16.8252C15.9828 17.0794 16.4555 17.0563 16.7559 16.7559C17.0814 16.4305 17.0814 15.9028 16.7559 15.5774L13.1785 12L16.7559 8.42259C17.0814 8.09715 17.0814 7.56951 16.7559 7.24408C16.4555 6.94367 15.9828 6.92057 15.6559 7.17475L15.5774 7.24408L12 10.8215L8.42259 7.24408L8.34408 7.17475Z"
            fill-rule="evenodd"
          />
        </svg>
      </button>
    </div>
    <div>
      <h1
        class="heading"
      >
        sign-in
      </h1>
      <button
        class="button tertiary small button facebook"
      >
        <svg
          class="icon icon--left"
          viewBox="0 0 12 23"
        >
          <g
            fill="none"
            fill-rule="evenodd"
            stroke="none"
            stroke-width="1"
          >
            <g
              fill="#FEFEFE"
              transform="translate(-190.000000, -198.000000)"
            >
              <g
                transform="translate(166.000000, 186.000000)"
              >
                <g>
                  <path
                    d="M31.9328743,35 L27.6347873,35 L27.6347873,23.5309121 L24.7675854,23.5309121 L24.7675854,19.5782401 L27.6347873,19.5768961 L27.6301953,17.248481 C27.6301953,14.0238238 28.5045409,12.0618241 32.3028177,12.0618241 L35.4653137,12.0618241 L35.4653137,16.0151681 L33.4888657,16.0151681 C32.0096518,16.0151681 31.9385864,16.5675073 31.9385864,17.5984881 L31.9326503,19.5768961 L35.4874341,19.5768961 L35.0684897,23.529568 L31.9357303,23.5309121 L31.9328743,35 Z"
                  />
                </g>
              </g>
            </g>
          </g>
        </svg>
        auth/sign-in-facebook
      </button>
      <button
        class="button tertiary small button google"
      >
        <svg
          class="icon icon--left"
          viewBox="0 0 22 22"
        >
          <g>
            <g
              fill="none"
              fill-rule="evenodd"
              stroke="none"
              stroke-width="1"
            >
              <g
                transform="translate(-183.000000, -256.000000)"
              >
                <g
                  transform="translate(183.000000, 256.000000)"
                >
                  <g>
                    <path
                      d="M21.56,11.25 C21.56,10.47 21.49,9.72 21.36,9 L11,9 L11,13.255 L16.92,13.255 C16.665,14.63 15.89,15.795 14.725,16.575 L14.725,19.335 L18.28,19.335 C20.36,17.42 21.56,14.6 21.56,11.25 L21.56,11.25 Z"
                      fill="#4285F4"
                    />
                    <path
                      d="M11,22 C13.97,22 16.46,21.015 18.28,19.335 L14.725,16.575 C13.74,17.235 12.48,17.625 11,17.625 C8.135,17.625 5.71,15.69 4.845,13.09 L1.17,13.09 L1.17,15.94 C2.98,19.535 6.7,22 11,22 L11,22 Z"
                      fill="#34A853"
                    />
                    <path
                      d="M4.845,13.09 C4.625,12.43 4.5,11.725 4.5,11 C4.5,10.275 4.625,9.57 4.845,8.91 L4.845,6.06 L1.17,6.06 C0.425,7.545 0,9.225 0,11 C0,12.775 0.425,14.455 1.17,15.94 L4.845,13.09 L4.845,13.09 Z"
                      fill="#FBBC05"
                    />
                    <path
                      d="M11,4.375 C12.615,4.375 14.065,4.93 15.205,6.02 L18.36,2.865 C16.455,1.09 13.965,0 11,0 C6.7,0 2.98,2.465 1.17,6.06 L4.845,8.91 C5.71,6.31 8.135,4.375 11,4.375 L11,4.375 Z"
                      fill="#EA4335"
                    />
                  </g>
                </g>
              </g>
            </g>
          </g>
        </svg>
        auth/sign-in-google
      </button>
      <div
        class="divider"
      >
        <span
          class="text"
        >
          auth/or
        </span>
      </div>
      
      <form>
        <div
          class="input-area"
        >
          <div
            class="container"
          >
            <div
              class="content"
            >
              <input
                aria-invalid="false"
                aria-label="email"
                class="input"
                id="email"
                name="email"
                type="email"
                value=""
              />
              <div
                class="placeholder"
              >
                <label
                  for="email"
                >
                  email
                </label>
              </div>
            </div>
          </div>
        </div>
        <div
          class="input-area"
        >
          <div
            class="container"
          >
            <div
              class="content"
            >
              <input
                aria-invalid="false"
                aria-label="password"
                class="input"
                id="password"
                name="password"
                type="password"
                value=""
              />
              <div
                class="placeholder"
              >
                <label
                  for="password"
                >
                  password
                </label>
              </div>
            </div>
          </div>
        </div>
        <div
          class="input-area"
        >
          <div
            class="link forgot-password"
          >
            auth/forgot-password
            ?
          </div>
        </div>
        <div
          class="input-area"
        >
          <button
            class="button primary regular button"
          >
            log-in
          </button>
        </div>
        <div
          id="recaptcha"
        />
      </form>
      <div
        class="link create-account"
      >
        auth/not-registered-yet
        ?Â 
        auth/create-account
      </div>
    </div>
  </div>
</div>
`;
