// Jest Snapshot v1, https://goo.gl/fbAQLP

exports[`AppearOnScrollTemplate should render template without an error 1`] = `"<div class=\\"additional class\\">123</div>"`;
