// Jest Snapshot v1, https://goo.gl/fbAQLP

exports[`AppearOnScrollComponent when gallery is touched, it should render all images 1`] = `"<div class=\\"custom-class-name\\"><div><picture style=\\"transition-duration: 0ms; transform: translateX(0%);\\" class=\\"loading\\"><source srcset=\\"1\\" type=\\"image/webp\\"><source srcset=\\"1\\" type=\\"image/jpeg\\"><img src=\\"1\\"></picture><picture style=\\"transition-duration: 0ms; transform: translateX(100%);\\" class=\\"loading\\"><source srcset=\\"2\\" type=\\"image/webp\\"><source srcset=\\"2\\" type=\\"image/jpeg\\"><img src=\\"2\\"></picture><picture style=\\"transform: translateX(-100%);\\" class=\\"loading\\"><source srcset=\\"3\\" type=\\"image/webp\\"><source srcset=\\"3\\" type=\\"image/jpeg\\"><img src=\\"3\\"></picture><picture style=\\"transition-duration: 0ms; transform: translateX(undefined%);\\" class=\\"loading\\"><source srcset=\\"4\\" type=\\"image/webp\\"><source srcset=\\"4\\" type=\\"image/jpeg\\"><img src=\\"4\\"></picture></div><div style=\\"width: 30px;\\"><div style=\\"transform: translateX(0px);\\"><div class=\\"\\"></div><div class=\\"\\"></div><div class=\\"\\"></div><div class=\\"undefined\\"></div></div></div></div>"`;
