// Jest Snapshot v1, https://goo.gl/fbAQLP

exports[`backendApiPropertyStatsDataFetcher should map data correctly and obfuscate the keys 1`] = `
Array [
  Object {
    "006501075e65": 61.19,
    "01651115590d1c0c1d140374": "1",
    "04651a07681d0d0f070a19020c6f": false,
    "04651f1d4e000010172b1506086f": "",
    "056501075d65": 89.69,
    "076510015f170b0d110070": "AED",
    "0d651f1d5e11070d152a04151d1a1d6902160918040a114965": "standard",
    "0e651213480b1a63": Object {
      "32651a077b001c0a1410151069": false,
      "41651d1540006e": "Mr Hamid",
      "45651a102d52": 156740,
    },
    "0e651b155e5658532410150369": false,
    "106501114b001c061c1a153a1c020c481965": "FURNISH 33K",
    "10651213480b1a36011c023d0d6f": 28140,
    "1165031b5e0c1a0a1d1720150e0a6e": 1,
    "1165101b4015020606101f1a3a1b0f591e1679": null,
    "11651a194c020b63": "https://www.propertyfinder.ae/property/3656619107f9c0c1f5eb8ae1539b9c81/500/356/MODE/2627b3/7750053-d109eo.jpg?ctr=ae",
    "1765030644060b63": 3300,
    "17651f1d5e11070d152a04151d1a1d2d": "standard",
    "186505115f0c080a171d70": "Not verified",
    "186511114917010c1f0a70": "0",
    "1a6502072d11": 100,
    "1a651a077e080f1106381474": 0,
    "1f65030644060b370a0d70": "3,300 AED/month",
    "2365071d59090b63": "Family Community Furnish Studio/3300 M W/Markert",
    "24651b1b5816070d152d09040c260a2d": 1,
    "2765001d57006e": 650,
    "2765031b5e0c1a0a1d1770": 726,
    "2c65141159351c0a111c3f1a281f1e2d": false,
    "2e6506064165": "https://www.propertyfinder.ae/en/rent/apartment-for-rent-abu-dhabi-khalifa-city-khalifa-city-a-7750053.html",
    "3565011143110f0f221c021d060b6e": "Monthly",
    "35651d115a351c0c181c13001a6f": false,
    "37651b1b5816070d152d09040c6f": "apartment",
    "37651e1b5f110902151c2211071b6e": false,
    "38651106420e0b1172": Object {
      "26651d1540006e": "Moon Star Real Estate",
      "3a651a102d31": 2867,
    },
    "3b65011143110f0f221c021d060b27496b": "monthly",
    "3b651a076c170b0221091517000e0244181129060a03115f111763": 0,
    "3b651a102d30": 7750053,
    "3c651f1b4e041a0a1d170374": Object {
      "3d654374632a": 6,
      "3e6542746235": 299,
      "3f6541747d34": 1933,
    },
    "3f651e1b5b003d0c070870": false,
    "446500014f1107171e1c70": "Apartment for Rent in Khalifa City A, Khalifa City",
    "44651a076e111d33001600111b1b172d": 0,
    "45651c124b001c0a1c1e240d190a6e": "rent",
    "466515015f0b07101a1c1474": "YES",
    "4c651a194c020b1072": 10,
  },
]
`;
